Microchip MPLAB XC8 Compiler V2.00 ()

Linker command line:

-W-3 --edf=C:\Program Files (x86)\Microchip\xc8\v2.00\pic\dat\en_msgs.txt \
  -cs -h+dist/default/production\Projeto_Fechadura.X.production.sym \
  --cmf=dist/default/production\Projeto_Fechadura.X.production.cmf -z \
  -Q18F4520 -oC:\Users\LUCASB~1\AppData\Local\Temp\sbtc.2 \
  --defsym=__MPLAB_BUILD=1 \
  -Mdist/default/production/Projeto_Fechadura.X.production.map -E1 -ver=XC8 \
  --acfsm=1493 -ASTACK=080h-05ffh -pstack=STACK -ACODE=00h-07FFFh \
  -ACONST=00h-07FFFh -ASMALLCONST=0600h-06FFhx122 \
  -AMEDIUMCONST=0600h-07FFFh -ACOMRAM=01h-07Fh -AABS1=00h-05FFh \
  -ABIGRAM=01h-05FFh -ARAM=080h-0FFh,0100h-01FFhx5 -ABANK0=080h-0FFh \
  -ABANK1=0100h-01FFh -ABANK2=0200h-02FFh -ABANK3=0300h-03FFh \
  -ABANK4=0400h-04FFh -ABANK5=0500h-05FFh -ASFR=0F80h-0FFFh \
  -preset_vec=00h,intcode=08h,intcodelo,powerup,init -pramtop=0600h \
  -psmallconst=SMALLCONST -pmediumconst=MEDIUMCONST -pconst=CONST \
  -AFARRAM=00h-00h -ACONFIG=0300000h-030000Dh -pconfig=CONFIG \
  -AIDLOC=0200000h-0200007h -pidloc=IDLOC -AEEDATA=0F00000h-0F000FFh \
  -peeprom_data=EEDATA \
  -prdata=COMRAM,nvrram=COMRAM,nvbit=COMRAM,rbss=COMRAM,rbit=COMRAM \
  -pfarbss=FARRAM,fardata=FARRAM,nvFARRAM=FARRAM \
  -pintsave_regs=BIGRAM,bigbss=BIGRAM,bigdata=BIGRAM -pbss=RAM \
  -pidata=CODE,irdata=CODE,ibigdata=CODE,ifardata=CODE -prparam=COMRAM \
  C:\Users\LUCASB~1\AppData\Local\Temp\sbtc.o \
  dist/default/production\Projeto_Fechadura.X.production.o 

Object code version is 3.11

Machine type is 18F4520

Call graph: (short form)




                Name                               Link     Load   Length Selector   Space Scale
C:\Users\LUCASB~1\AppData\Local\Temp\sbtc.o
                init                                  E        E        4        4       0
                reset_vec                             0        0        4        0       0
                idloc                            200000   200000        8   200000       0
                config                           300000   300000        E   300000       0
dist/default/production\Projeto_Fechadura.X.production.o
                intcode                               8        8        6        4       0
                temp                                 13       13        1        1       1
                smallconst                          600      600       FA      300       0
                text14                              B98      B98       14      37D       0
                text13                              B6C      B6C       18      37D       0
                text12                              A72      A72       40      37D       0
                text11                              B1A      B1A       20      37D       0
                text10                              BAC      BAC        E      37D       0
                text9                               AF0      AF0       2A      37D       0
                text8                               AB2      AB2       3E      37D       0
                text7                               6FA      6FA      140      37D       0
                intcode_body                        83A      83A       AE      37D       0
                text5                               9F0      9F0       42      37D       0
                text4                               B84      B84       14      37D       0
                text3                               B54      B54       18      37D       0
                text2                               98A      98A       66      37D       0
                text1                               A32      A32       40      37D       0
                text0                               8E8      8E8       A2      37D       0
                cstackCOMRAM                          1        1        E        1       1
                bssCOMRAM                             F        F        4        1       1
                cinit                               B3A      B3A       1A      37D       0

TOTAL           Name                               Link     Load   Length     Space
        CLASS   STACK          

        CLASS   CODE           
                intcode                               8        8        6         0
                init                                  E        E        4         0
                reset_vec                             0        0        4         0
                text14                              B98      B98       14         0
                text13                              B6C      B6C       18         0
                text12                              A72      A72       40         0
                text11                              B1A      B1A       20         0
                text10                              BAC      BAC        E         0
                text9                               AF0      AF0       2A         0
                text8                               AB2      AB2       3E         0
                text7                               6FA      6FA      140         0
                intcode_body                        83A      83A       AE         0
                text5                               9F0      9F0       42         0
                text4                               B84      B84       14         0
                text3                               B54      B54       18         0
                text2                               98A      98A       66         0
                text1                               A32      A32       40         0
                text0                               8E8      8E8       A2         0
                cinit                               B3A      B3A       1A         0

        CLASS   CONST          

        CLASS   SMALLCONST     
                smallconst                          600      600       FA         0

        CLASS   MEDIUMCONST    

        CLASS   COMRAM         
                temp                                 13       13        1         1
                cstackCOMRAM                          1        1        E         1
                bssCOMRAM                             F        F        4         1

        CLASS   ABS1           

        CLASS   BIGRAM         

        CLASS   RAM            

        CLASS   BANK0          

        CLASS   BANK1          

        CLASS   BANK2          

        CLASS   BANK3          

        CLASS   BANK4          

        CLASS   BANK5          

        CLASS   SFR            

        CLASS   FARRAM         

        CLASS   CONFIG         
                config                           300000   300000        E         0

        CLASS   IDLOC          
                idloc                            200000   200000        8         0

        CLASS   EEDATA         



SEGMENTS        Name                           Load    Length   Top    Selector   Space  Class

                reset_vec                      000000  000004  000004         0       0  CODE    
                cstackCOMRAM                   000001  000013  000014         1       1  COMRAM  
                intcode                        000008  00000A  000012         4       0  CODE    
                smallconst                     000600  0000FA  0006FA       300       0  SMALLCON
                text7                          0006FA  0004C0  000BBA       37D       0  CODE    
                idloc                          200000  000008  200008    200000       0  IDLOC   
                config                         300000  00000E  30000E    300000       0  CONFIG  


UNUSED ADDRESS RANGES

        Name                Unused          Largest block    Delta
        BANK0            000080-0000FF               80
        BANK1            000100-0001FF              100
        BANK2            000200-0002FF              100
        BANK3            000300-0003FF              100
        BANK4            000400-0004FF              100
        BANK5            000500-0005FF              100
        BIGRAM           000014-0005FF              5EC
        CODE             000004-000007                4
                         000012-0005FF              5EE
                         000BBA-007FFF             7446
        COMRAM           000014-00007F               6C
        CONST            000004-000007                4
                         000012-0005FF              5EE
                         000BBA-007FFF             7446
        EEDATA           F00000-F000FF              100
        MEDIUMCONST      000BBA-007FFF             7446
        RAM              000080-0005FF              100
        SFR              000F80-000FFF               80
        SMALLCONST       000BBA-007FFF              100
        STACK            000080-0005FF              580

                                  Symbol Table

_ADCON0                  (abs)        000FC2
_ADCON1                  (abs)        000FC1
_ADCON2                  (abs)        000FC0
_BAUDCON                 (abs)        000FB8
_INTCON                  (abs)        000FF2
_IPEN                    (abs)        007E87
_LE0                     (abs)        007C68
_LE1                     (abs)        007C69
_OSCCON                  (abs)        000FD3
_PORTB                   (abs)        000F81
_PORTBbits               (abs)        000F81
_PORTCbits               (abs)        000F82
_PORTD                   (abs)        000F83
_PORTE                   (abs)        000F84
_RCIE                    (abs)        007CED
_RCIF                    (abs)        007CF5
_RCIP                    (abs)        007CFD
_RCREG                   (abs)        000FAE
_RCSTA                   (abs)        000FAB
_SPBRG                   (abs)        000FAF
_T0CON                   (abs)        000FD5
_TRISA                   (abs)        000F92
_TRISB                   (abs)        000F93
_TRISC                   (abs)        000F94
_TRISD                   (abs)        000F95
_TRISE                   (abs)        000F96
_TXSTA                   (abs)        000FAC
__CFG_BOREN$SBORDIS      (abs)        000000
__CFG_BORV$3             (abs)        000000
__CFG_CCP2MX$PORTC       (abs)        000000
__CFG_CP0$OFF            (abs)        000000
__CFG_CP1$OFF            (abs)        000000
__CFG_CP2$OFF            (abs)        000000
__CFG_CP3$OFF            (abs)        000000
__CFG_CPB$OFF            (abs)        000000
__CFG_CPD$OFF            (abs)        000000
__CFG_EBTR0$OFF          (abs)        000000
__CFG_EBTR1$OFF          (abs)        000000
__CFG_EBTR2$OFF          (abs)        000000
__CFG_EBTR3$OFF          (abs)        000000
__CFG_EBTRB$OFF          (abs)        000000
__CFG_FCMEN$OFF          (abs)        000000
__CFG_IESO$OFF           (abs)        000000
__CFG_LPT1OSC$OFF        (abs)        000000
__CFG_LVP$OFF            (abs)        000000
__CFG_MCLRE$ON           (abs)        000000
__CFG_OSC$INTIO67        (abs)        000000
__CFG_PBADEN$OFF         (abs)        000000
__CFG_PWRT$OFF           (abs)        000000
__CFG_STVREN$ON          (abs)        000000
__CFG_WDT$OFF            (abs)        000000
__CFG_WDTPS$32768        (abs)        000000
__CFG_WRT0$OFF           (abs)        000000
__CFG_WRT1$OFF           (abs)        000000
__CFG_WRT2$OFF           (abs)        000000
__CFG_WRT3$OFF           (abs)        000000
__CFG_WRTB$OFF           (abs)        000000
__CFG_WRTC$OFF           (abs)        000000
__CFG_WRTD$OFF           (abs)        000000
__CFG_XINST$OFF          (abs)        000000
__HRAM                   (abs)        000000
__Habs1                  abs1         000000
__Hbank0                 bank0        000000
__Hbank1                 bank1        000000
__Hbank2                 bank2        000000
__Hbank3                 bank3        000000
__Hbank4                 bank4        000000
__Hbank5                 bank5        000000
__Hbigbss                bigbss       000000
__Hbigdata               bigdata      000000
__Hbigram                bigram       000000
__Hbss                   bss          000000
__HbssCOMRAM             bssCOMRAM    000000
__Hcinit                 cinit        000000
__Hclrtext               clrtext      000000
__Hcomram                comram       000000
__Hconfig                config       30000E
__Hconst                 const        000000
__HcstackCOMRAM          cstackCOMRAM 000000
__Hdata                  data         000000
__Heeprom_data           eeprom_data  000000
__Hfarbss                farbss       000000
__Hfardata               fardata      000000
__Hibigdata              ibigdata     000000
__Hidata                 idata        000000
__Hidloc                 idloc        200008
__Hifardata              ifardata     000000
__Hinit                  init         000012
__Hintcode               intcode      00000E
__Hintcode_body          intcode_body 000000
__Hintcodelo             intcodelo    00000E
__Hintentry              intentry     000000
__Hintret                intret       000000
__Hintsave_regs          intsave_regs 000000
__Hirdata                irdata       000000
__Hmediumconst           mediumconst  000000
__HnvFARRAM              nvFARRAM     000000
__Hnvbit                 nvbit        000000
__Hnvrram                nvrram       000000
__Hparam                 rparam       000000
__Hpowerup               powerup      00000E
__Hram                   ram          000000
__Hramtop                ramtop       000600
__Hrbit                  rbit         000000
__Hrbss                  rbss         000000
__Hrdata                 rdata        000000
__Hreset_vec             reset_vec    000004
__Hrparam                rparam       000000
__Hsfr                   sfr          000000
__Hsmallconst            smallconst   0006FA
__Hspace_0               (abs)        30000E
__Hspace_1               (abs)        000014
__Hspace_2               (abs)        000000
__Hstack                 stack        000000
__Hstruct                struct       000000
__Htemp                  temp         000014
__Htext                  text         000000
__Htext0                 text0        000000
__Htext1                 text1        000000
__Htext10                text10       000000
__Htext11                text11       000000
__Htext12                text12       000000
__Htext13                text13       000000
__Htext14                text14       000000
__Htext2                 text2        000000
__Htext3                 text3        000000
__Htext4                 text4        000000
__Htext5                 text5        000000
__Htext7                 text7        000000
__Htext8                 text8        000000
__Htext9                 text9        000000
__LRAM                   (abs)        000001
__Labs1                  abs1         000000
__Lbank0                 bank0        000000
__Lbank1                 bank1        000000
__Lbank2                 bank2        000000
__Lbank3                 bank3        000000
__Lbank4                 bank4        000000
__Lbank5                 bank5        000000
__Lbigbss                bigbss       000000
__Lbigdata               bigdata      000000
__Lbigram                bigram       000000
__Lbss                   bss          000000
__LbssCOMRAM             bssCOMRAM    000000
__Lcinit                 cinit        000000
__Lclrtext               clrtext      000000
__Lcomram                comram       000000
__Lconfig                config       300000
__Lconst                 const        000000
__LcstackCOMRAM          cstackCOMRAM 000000
__Ldata                  data         000000
__Leeprom_data           eeprom_data  000000
__Lfarbss                farbss       000000
__Lfardata               fardata      000000
__Libigdata              ibigdata     000000
__Lidata                 idata        000000
__Lidloc                 idloc        200000
__Lifardata              ifardata     000000
__Linit                  init         00000E
__Lintcode               intcode      000008
__Lintcode_body          intcode_body 000000
__Lintcodelo             intcodelo    00000E
__Lintentry              intentry     000000
__Lintret                intret       000000
__Lintsave_regs          intsave_regs 000000
__Lirdata                irdata       000000
__Lmediumconst           mediumconst  000000
__LnvFARRAM              nvFARRAM     000000
__Lnvbit                 nvbit        000000
__Lnvrram                nvrram       000000
__Lparam                 rparam       000000
__Lpowerup               powerup      00000E
__Lram                   ram          000000
__Lramtop                ramtop       000600
__Lrbit                  rbit         000000
__Lrbss                  rbss         000000
__Lrdata                 rdata        000000
__Lreset_vec             reset_vec    000000
__Lrparam                rparam       000000
__Lsfr                   sfr          000000
__Lsmallconst            smallconst   000600
__Lspace_0               (abs)        000000
__Lspace_1               (abs)        000000
__Lspace_2               (abs)        000000
__Lstack                 stack        000000
__Lstruct                struct       000000
__Ltemp                  temp         000013
__Ltext                  text         000000
__Ltext0                 text0        000000
__Ltext1                 text1        000000
__Ltext10                text10       000000
__Ltext11                text11       000000
__Ltext12                text12       000000
__Ltext13                text13       000000
__Ltext14                text14       000000
__Ltext2                 text2        000000
__Ltext3                 text3        000000
__Ltext4                 text4        000000
__Ltext5                 text5        000000
__Ltext7                 text7        000000
__Ltext8                 text8        000000
__Ltext9                 text9        000000
__S0                     (abs)        30000E
__S1                     (abs)        000014
__S2                     (abs)        000000
___inthi_sp              stack        000000
___intlo_sp              stack        000000
___param_bank            (abs)        000000
___rparam_used           (abs)        000001
___sp                    stack        000000
__accesstop              (abs)        000080
__activetblptr           (abs)        000001
__end_of__initialization cinit        000B42
__end_of_abrirPorta      text11       000B3A
__end_of_alarme          text9        000B1A
__end_of_config          text5        000A32
__end_of_desligAlarme    text8        000AF0
__end_of_lcd_clear       text3        000B6C
__end_of_lcd_goto        text10       000BBA
__end_of_lcd_init        text2        0009F0
__end_of_lcd_puts        text1        000A72
__end_of_lcd_write       text4        000B98
__end_of_main            text0        00098A
__end_of_tmr             intcode_body 0008E8
__end_of_trocarSenha     text7        00083A
__end_ofi2_lcd_clear     text13       000B84
__end_ofi2_lcd_puts      text12       000AB2
__end_ofi2_lcd_write     text14       000BAC
__initialization         cinit        000B3A
__mediumconst            mediumconst  000000
__pbssCOMRAM             bssCOMRAM    00000F
__pcinit                 cinit        000B3A
__pcstackCOMRAM          cstackCOMRAM 000001
__pintcode               intcode      000008
__pintcode_body          intcode_body 00083A
__psmallconst            smallconst   000600
__ptext0                 text0        0008E8
__ptext1                 text1        000A32
__ptext10                text10       000BAC
__ptext11                text11       000B1A
__ptext12                text12       000A72
__ptext13                text13       000B6C
__ptext14                text14       000B98
__ptext2                 text2        00098A
__ptext3                 text3        000B54
__ptext4                 text4        000B84
__ptext5                 text5        0009F0
__ptext7                 text7        0006FA
__ptext8                 text8        000AB2
__ptext9                 text9        000AF0
__ramtop                 ramtop       000600
__size_of_abrirPorta     (abs)        000000
__size_of_alarme         (abs)        000000
__size_of_config         (abs)        000000
__size_of_desligAlarme   (abs)        000000
__size_of_lcd_clear      (abs)        000000
__size_of_lcd_goto       (abs)        000000
__size_of_lcd_init       (abs)        000000
__size_of_lcd_puts       (abs)        000000
__size_of_lcd_write      (abs)        000000
__size_of_main           (abs)        000000
__size_of_tmr            (abs)        000000
__size_of_trocarSenha    (abs)        000000
__size_ofi2_lcd_clear    (abs)        000000
__size_ofi2_lcd_puts     (abs)        000000
__size_ofi2_lcd_write    (abs)        000000
__smallconst             smallconst   000600
_abrirPorta              text11       000B1A
_alarme                  text9        000AF0
_config                  text5        0009F0
_desligAlarme            text8        000AB2
_flag                    bssCOMRAM    000011
_flag1                   bssCOMRAM    00000F
_lcd_clear               text3        000B54
_lcd_goto                text10       000BAC
_lcd_init                text2        00098A
_lcd_puts                text1        000A32
_lcd_write               text4        000B84
_main                    text0        0008E8
_tmr                     intcode      000008
_trocarSenha             text7        0006FA
btemp                    temp         000013
end_of_initialization    cinit        000B42
i2_lcd_clear             text13       000B6C
i2_lcd_puts              text12       000A72
i2_lcd_write             text14       000B98
i2lcd_puts@s             cstackCOMRAM 000002
i2lcd_write@c            cstackCOMRAM 000001
int$flags                temp         000013
int_func                 intcode_body 00083A
intlevel0                text         000000
intlevel1                text         000000
intlevel2                text         000000
intlevel3                text         000000
lcd_goto@pos             cstackCOMRAM 000002
lcd_init@init_value      cstackCOMRAM 00000D
lcd_puts@s               cstackCOMRAM 00000B
lcd_write@c              cstackCOMRAM 00000A
stackhi                  (abs)        0005FF
stacklo                  (abs)        000080
start                    init         00000E
start_initialization     cinit        000B3A
ttemp5                   temp         000014
ttemp6                   temp         000017
ttemp7                   temp         00001B
wtemp8                   temp         000014


FUNCTION INFORMATION:

 *************** function _main *****************
 Defined at:
		line 105 in file "Fechadura.c"
 Parameters:    Size  Location     Type
		None
 Auto vars:     Size  Location     Type
		None
 Return value:  Size  Location     Type
                  1    wreg      void 
 Registers used:
		wreg, status,2, status,0, tblptrl, tblptrh, tblptru, cstack
 Tracked objects:
		On entry : 
		On exit  : 
		Unchanged: 
 Data sizes:     COMRAM   BANK0   BANK1   BANK2   BANK3   BANK4   BANK5
      Params:         0       0       0       0       0       0       0
      Locals:         0       0       0       0       0       0       0
      Temps:          1       0       0       0       0       0       0
      Totals:         1       0       0       0       0       0       0
Total ram usage:        1 bytes
 Hardware stack levels required when called:    7
 This function calls:
		_config
		_lcd_clear
		_lcd_init
		_lcd_puts
 This function is called by:
		Startup code after reset
 This function uses a non-reentrant model


 *************** function _lcd_puts *****************
 Defined at:
		line 62 in file "lcd.c"
 Parameters:    Size  Location     Type
  s               2   10[COMRAM] PTR const unsigned char 
		 -> STR_17(19), STR_16(18), STR_15(17), STR_14(17), 
		 -> STR_13(23), STR_12(11), STR_11(14), STR_10(13), 
		 -> STR_9(28), STR_8(18), STR_7(19), STR_6(14), 
		 -> STR_5(13), STR_4(15), STR_3(23), STR_2(18), 
		 -> STR_1(13), 
 Auto vars:     Size  Location     Type
		None
 Return value:  Size  Location     Type
                  1    wreg      void 
 Registers used:
		wreg, status,2, status,0, tblptrl, tblptrh, tblptru, cstack
 Tracked objects:
		On entry : 
		On exit  : 
		Unchanged: 
 Data sizes:     COMRAM   BANK0   BANK1   BANK2   BANK3   BANK4   BANK5
      Params:         2       0       0       0       0       0       0
      Locals:         0       0       0       0       0       0       0
      Temps:          0       0       0       0       0       0       0
      Totals:         2       0       0       0       0       0       0
Total ram usage:        2 bytes
 Hardware stack levels used:    1
 Hardware stack levels required when called:    5
 This function calls:
		_lcd_write
 This function is called by:
		_main
		_senhaAlterada
 This function uses a non-reentrant model


 *************** function _lcd_init *****************
 Defined at:
		line 92 in file "lcd.c"
 Parameters:    Size  Location     Type
		None
 Auto vars:     Size  Location     Type
  init_value      1   12[COMRAM] unsigned char 
 Return value:  Size  Location     Type
                  1    wreg      void 
 Registers used:
		wreg, status,2, cstack
 Tracked objects:
		On entry : 
		On exit  : 
		Unchanged: 
 Data sizes:     COMRAM   BANK0   BANK1   BANK2   BANK3   BANK4   BANK5
      Params:         0       0       0       0       0       0       0
      Locals:         1       0       0       0       0       0       0
      Temps:          1       0       0       0       0       0       0
      Totals:         2       0       0       0       0       0       0
Total ram usage:        2 bytes
 Hardware stack levels used:    1
 Hardware stack levels required when called:    6
 This function calls:
		_lcd_clear
		_lcd_write
 This function is called by:
		_main
 This function uses a non-reentrant model


 *************** function _lcd_clear *****************
 Defined at:
		line 52 in file "lcd.c"
 Parameters:    Size  Location     Type
		None
 Auto vars:     Size  Location     Type
		None
 Return value:  Size  Location     Type
                  1    wreg      void 
 Registers used:
		wreg, status,2, cstack
 Tracked objects:
		On entry : 
		On exit  : 
		Unchanged: 
 Data sizes:     COMRAM   BANK0   BANK1   BANK2   BANK3   BANK4   BANK5
      Params:         0       0       0       0       0       0       0
      Locals:         0       0       0       0       0       0       0
      Temps:          1       0       0       0       0       0       0
      Totals:         1       0       0       0       0       0       0
Total ram usage:        1 bytes
 Hardware stack levels used:    1
 Hardware stack levels required when called:    5
 This function calls:
		_lcd_write
 This function is called by:
		_main
		_lcd_init
		_senhaAlterada
 This function uses a non-reentrant model


 *************** function _lcd_write *****************
 Defined at:
		line 38 in file "lcd.c"
 Parameters:    Size  Location     Type
  c               1    wreg     unsigned char 
 Auto vars:     Size  Location     Type
  c               1    9[COMRAM] unsigned char 
 Return value:  Size  Location     Type
                  1    wreg      void 
 Registers used:
		wreg, status,2, cstack
 Tracked objects:
		On entry : 
		On exit  : 
		Unchanged: 
 Data sizes:     COMRAM   BANK0   BANK1   BANK2   BANK3   BANK4   BANK5
      Params:         0       0       0       0       0       0       0
      Locals:         1       0       0       0       0       0       0
      Temps:          0       0       0       0       0       0       0
      Totals:         1       0       0       0       0       0       0
Total ram usage:        1 bytes
 Hardware stack levels used:    1
 Hardware stack levels required when called:    4
 This function calls:
		Nothing
 This function is called by:
		_lcd_clear
		_lcd_puts
		_lcd_init
		_lcd_putch
 This function uses a non-reentrant model


 *************** function _config *****************
 Defined at:
		line 72 in file "./configura.h"
 Parameters:    Size  Location     Type
		None
 Auto vars:     Size  Location     Type
		None
 Return value:  Size  Location     Type
                  1    wreg      void 
 Registers used:
		wreg, status,2
 Tracked objects:
		On entry : 
		On exit  : 
		Unchanged: 
 Data sizes:     COMRAM   BANK0   BANK1   BANK2   BANK3   BANK4   BANK5
      Params:         0       0       0       0       0       0       0
      Locals:         0       0       0       0       0       0       0
      Temps:          0       0       0       0       0       0       0
      Totals:         0       0       0       0       0       0       0
Total ram usage:        0 bytes
 Hardware stack levels used:    1
 Hardware stack levels required when called:    4
 This function calls:
		Nothing
 This function is called by:
		_main
 This function uses a non-reentrant model


 *************** function _tmr *****************
 Defined at:
		line 132 in file "Fechadura.c"
 Parameters:    Size  Location     Type
		None
 Auto vars:     Size  Location     Type
		None
 Return value:  Size  Location     Type
                  1    wreg      void 
 Registers used:
		wreg, status,2, status,0, tblptrl, tblptrh, tblptru, cstack
 Tracked objects:
		On entry : 
		On exit  : 
		Unchanged: 
 Data sizes:     COMRAM   BANK0   BANK1   BANK2   BANK3   BANK4   BANK5
      Params:         0       0       0       0       0       0       0
      Locals:         0       0       0       0       0       0       0
      Temps:          4       0       0       0       0       0       0
      Totals:         4       0       0       0       0       0       0
Total ram usage:        4 bytes
 Hardware stack levels used:    1
 Hardware stack levels required when called:    3
 This function calls:
		_abrirPorta
		_alarme
		_desligAlarme
		_trocarSenha
 This function is called by:
		Interrupt level 2
 This function uses a non-reentrant model


 *************** function _trocarSenha *****************
 Defined at:
		line 28 in file "Fechadura.c"
 Parameters:    Size  Location     Type
		None
 Auto vars:     Size  Location     Type
		None
 Return value:  Size  Location     Type
                  1    wreg      void 
 Registers used:
		wreg, status,2, status,0, tblptrl, tblptrh, tblptru, cstack
 Tracked objects:
		On entry : 
		On exit  : 
		Unchanged: 
 Data sizes:     COMRAM   BANK0   BANK1   BANK2   BANK3   BANK4   BANK5
      Params:         0       0       0       0       0       0       0
      Locals:         0       0       0       0       0       0       0
      Temps:          2       0       0       0       0       0       0
      Totals:         2       0       0       0       0       0       0
Total ram usage:        2 bytes
 Hardware stack levels used:    1
 Hardware stack levels required when called:    2
 This function calls:
		_lcd_goto
		i2_lcd_clear
		i2_lcd_puts
 This function is called by:
		_tmr
 This function uses a non-reentrant model


 *************** function _desligAlarme *****************
 Defined at:
		line 94 in file "Fechadura.c"
 Parameters:    Size  Location     Type
		None
 Auto vars:     Size  Location     Type
		None
 Return value:  Size  Location     Type
                  1    wreg      void 
 Registers used:
		wreg, status,2, status,0, tblptrl, tblptrh, tblptru, cstack
 Tracked objects:
		On entry : 
		On exit  : 
		Unchanged: 
 Data sizes:     COMRAM   BANK0   BANK1   BANK2   BANK3   BANK4   BANK5
      Params:         0       0       0       0       0       0       0
      Locals:         0       0       0       0       0       0       0
      Temps:          2       0       0       0       0       0       0
      Totals:         2       0       0       0       0       0       0
Total ram usage:        2 bytes
 Hardware stack levels used:    1
 Hardware stack levels required when called:    2
 This function calls:
		i2_lcd_clear
		i2_lcd_puts
 This function is called by:
		_tmr
 This function uses a non-reentrant model


 *************** function _alarme *****************
 Defined at:
		line 84 in file "Fechadura.c"
 Parameters:    Size  Location     Type
		None
 Auto vars:     Size  Location     Type
		None
 Return value:  Size  Location     Type
                  1    wreg      void 
 Registers used:
		wreg, status,2, status,0, tblptrl, tblptrh, tblptru, cstack
 Tracked objects:
		On entry : 
		On exit  : 
		Unchanged: 
 Data sizes:     COMRAM   BANK0   BANK1   BANK2   BANK3   BANK4   BANK5
      Params:         0       0       0       0       0       0       0
      Locals:         0       0       0       0       0       0       0
      Temps:          0       0       0       0       0       0       0
      Totals:         0       0       0       0       0       0       0
Total ram usage:        0 bytes
 Hardware stack levels used:    1
 Hardware stack levels required when called:    2
 This function calls:
		_lcd_goto
		i2_lcd_clear
		i2_lcd_puts
 This function is called by:
		_tmr
 This function uses a non-reentrant model


 *************** function _lcd_goto *****************
 Defined at:
		line 84 in file "lcd.c"
 Parameters:    Size  Location     Type
  pos             1    wreg     unsigned char 
 Auto vars:     Size  Location     Type
  pos             1    1[COMRAM] unsigned char 
 Return value:  Size  Location     Type
                  1    wreg      void 
 Registers used:
		wreg, status,2, status,0, cstack
 Tracked objects:
		On entry : 
		On exit  : 
		Unchanged: 
 Data sizes:     COMRAM   BANK0   BANK1   BANK2   BANK3   BANK4   BANK5
      Params:         0       0       0       0       0       0       0
      Locals:         1       0       0       0       0       0       0
      Temps:          0       0       0       0       0       0       0
      Totals:         1       0       0       0       0       0       0
Total ram usage:        1 bytes
 Hardware stack levels used:    1
 Hardware stack levels required when called:    1
 This function calls:
		i2_lcd_write
 This function is called by:
		_trocarSenha
		_alarme
 This function uses a non-reentrant model


 *************** function _abrirPorta *****************
 Defined at:
		line 19 in file "Fechadura.c"
 Parameters:    Size  Location     Type
		None
 Auto vars:     Size  Location     Type
		None
 Return value:  Size  Location     Type
                  1    wreg      void 
 Registers used:
		wreg, status,2, status,0, tblptrl, tblptrh, tblptru, cstack
 Tracked objects:
		On entry : 
		On exit  : 
		Unchanged: 
 Data sizes:     COMRAM   BANK0   BANK1   BANK2   BANK3   BANK4   BANK5
      Params:         0       0       0       0       0       0       0
      Locals:         0       0       0       0       0       0       0
      Temps:          0       0       0       0       0       0       0
      Totals:         0       0       0       0       0       0       0
Total ram usage:        0 bytes
 Hardware stack levels used:    1
 Hardware stack levels required when called:    2
 This function calls:
		i2_lcd_clear
		i2_lcd_puts
 This function is called by:
		_tmr
 This function uses a non-reentrant model


 *************** function i2_lcd_puts *****************
 Defined at:
		line 62 in file "lcd.c"
 Parameters:    Size  Location     Type
  s               2    1[COMRAM] PTR const unsigned char 
		 -> STR_17(19), STR_16(18), STR_15(17), STR_14(17), 
		 -> STR_13(23), STR_12(11), STR_11(14), STR_10(13), 
		 -> STR_9(28), STR_8(18), STR_7(19), STR_6(14), 
		 -> STR_5(13), STR_4(15), STR_3(23), STR_2(18), 
		 -> STR_1(13), 
 Auto vars:     Size  Location     Type
		None
 Return value:  Size  Location     Type
                  1    wreg      void 
 Registers used:
		wreg, status,2, status,0, tblptrl, tblptrh, tblptru, cstack
 Tracked objects:
		On entry : 
		On exit  : 
		Unchanged: 
 Data sizes:     COMRAM   BANK0   BANK1   BANK2   BANK3   BANK4   BANK5
      Params:         2       0       0       0       0       0       0
      Locals:         0       0       0       0       0       0       0
      Temps:          0       0       0       0       0       0       0
      Totals:         2       0       0       0       0       0       0
Total ram usage:        2 bytes
 Hardware stack levels used:    1
 Hardware stack levels required when called:    1
 This function calls:
		i2_lcd_write
 This function is called by:
		_abrirPorta
		_trocarSenha
		_alarme
		_desligAlarme
 This function uses a non-reentrant model


 *************** function i2_lcd_clear *****************
 Defined at:
		line 52 in file "lcd.c"
 Parameters:    Size  Location     Type
		None
 Auto vars:     Size  Location     Type
		None
 Return value:  Size  Location     Type
                  1    wreg      void 
 Registers used:
		wreg, status,2, cstack
 Tracked objects:
		On entry : 
		On exit  : 
		Unchanged: 
 Data sizes:     COMRAM   BANK0   BANK1   BANK2   BANK3   BANK4   BANK5
      Params:         0       0       0       0       0       0       0
      Locals:         0       0       0       0       0       0       0
      Temps:          1       0       0       0       0       0       0
      Totals:         1       0       0       0       0       0       0
Total ram usage:        1 bytes
 Hardware stack levels used:    1
 Hardware stack levels required when called:    1
 This function calls:
		i2_lcd_write
 This function is called by:
		_abrirPorta
		_trocarSenha
		_alarme
		_desligAlarme
 This function uses a non-reentrant model


 *************** function i2_lcd_write *****************
 Defined at:
		line 38 in file "lcd.c"
 Parameters:    Size  Location     Type
  c               1    wreg     unsigned char 
 Auto vars:     Size  Location     Type
  c               1    0[COMRAM] unsigned char 
 Return value:  Size  Location     Type
                  1    wreg      void 
 Registers used:
		wreg, status,2, cstack
 Tracked objects:
		On entry : 
		On exit  : 
		Unchanged: 
 Data sizes:     COMRAM   BANK0   BANK1   BANK2   BANK3   BANK4   BANK5
      Params:         0       0       0       0       0       0       0
      Locals:         1       0       0       0       0       0       0
      Temps:          0       0       0       0       0       0       0
      Totals:         1       0       0       0       0       0       0
Total ram usage:        1 bytes
 Hardware stack levels used:    1
 This function calls:
		Nothing
 This function is called by:
		_lcd_goto
		i2_lcd_clear
		i2_lcd_puts
 This function uses a non-reentrant model



MODULE INFORMATION

Module		Function		Class		Link	Load	Size
./configura.h
		_config        		CODE           	09F0	0000	67

./configura.h estimated size: 67

Fechadura.c
		_trocarSenha   		CODE           	06FA	0000	321
		_main          		CODE           	08E8	0000	163
		_tmr           		CODE           	0008	0000	181
		_abrirPorta    		CODE           	0B1A	0000	33
		_desligAlarme  		CODE           	0AB2	0000	63
		_alarme        		CODE           	0AF0	0000	43

Fechadura.c estimated size: 804

shared
		__initialization		CODE           	0B3A	0000	9
		i2_lcd_write   		CODE           	0B98	0000	21
		i2_lcd_puts    		CODE           	0A72	0000	65
		i2_lcd_clear   		CODE           	0B6C	0000	25

shared estimated size: 120

lcd.c
		_lcd_puts      		CODE           	0A32	0000	65
		_lcd_clear     		CODE           	0B54	0000	25
		_lcd_goto      		CODE           	0BAC	0000	15
		_lcd_write     		CODE           	0B84	0000	21
		_lcd_init      		CODE           	098A	0000	103

lcd.c estimated size: 229

